/Users/ashokkumar/Downloads/FInal_Year/backend/venv/lib/python3.11/site-packages/pydantic/_internal/_fields.py:160: UserWarning: Field "model_preference" has conflict with protected namespace "model_".

You may be able to resolve this warning by setting `model_config['protected_namespaces'] = ()`.
  warnings.warn(
/Users/ashokkumar/Downloads/FInal_Year/backend/venv/lib/python3.11/site-packages/pydantic/_internal/_fields.py:200: UserWarning: Field name "schema" in "SQLGenRequest" shadows an attribute in parent "BaseModel"
  warnings.warn(
/Users/ashokkumar/Downloads/FInal_Year/backend/venv/lib/python3.11/site-packages/pydantic/_internal/_fields.py:160: UserWarning: Field "model_answer" has conflict with protected namespace "model_".

You may be able to resolve this warning by setting `model_config['protected_namespaces'] = ()`.
  warnings.warn(
INFO:     Started server process [39244]
INFO:     Waiting for application startup.
2026-08-06 20:35:49.330 | INFO     | main:lifespan:44 - 🚀 Starting Unified Enterprise AI Platform...
2026-08-06 20:35:49.334 | INFO     | app.utils.dependency_manager:check_and_install_all:53 - Checking local AI dependencies...
2026-08-06 20:35:49,337 INFO sqlalchemy.engine.Engine BEGIN (implicit)
2026-08-06 20:35:49,337 INFO sqlalchemy.engine.Engine PRAGMA main.table_info("users")
2026-08-06 20:35:49,337 INFO sqlalchemy.engine.Engine [raw sql] ()
2026-08-06 20:35:49,338 INFO sqlalchemy.engine.Engine PRAGMA main.table_info("login_history")
2026-08-06 20:35:49,338 INFO sqlalchemy.engine.Engine [raw sql] ()
2026-08-06 20:35:49,338 INFO sqlalchemy.engine.Engine PRAGMA main.table_info("chat_sessions")
2026-08-06 20:35:49,338 INFO sqlalchemy.engine.Engine [raw sql] ()
2026-08-06 20:35:49,339 INFO sqlalchemy.engine.Engine PRAGMA main.table_info("chat_messages")
2026-08-06 20:35:49,339 INFO sqlalchemy.engine.Engine [raw sql] ()
2026-08-06 20:35:49,340 INFO sqlalchemy.engine.Engine PRAGMA main.table_info("documents")
2026-08-06 20:35:49,340 INFO sqlalchemy.engine.Engine [raw sql] ()
2026-08-06 20:35:49,340 INFO sqlalchemy.engine.Engine PRAGMA main.table_info("analytics_events")
2026-08-06 20:35:49,340 INFO sqlalchemy.engine.Engine [raw sql] ()
2026-08-06 20:35:49,340 INFO sqlalchemy.engine.Engine PRAGMA main.table_info("blockchain_records")
2026-08-06 20:35:49,340 INFO sqlalchemy.engine.Engine [raw sql] ()
2026-08-06 20:35:49,340 INFO sqlalchemy.engine.Engine PRAGMA main.table_info("projects")
2026-08-06 20:35:49,340 INFO sqlalchemy.engine.Engine [raw sql] ()
2026-08-06 20:35:49,340 INFO sqlalchemy.engine.Engine PRAGMA main.table_info("tasks")
2026-08-06 20:35:49,340 INFO sqlalchemy.engine.Engine [raw sql] ()
2026-08-06 20:35:49,341 INFO sqlalchemy.engine.Engine PRAGMA main.table_info("notifications")
2026-08-06 20:35:49,341 INFO sqlalchemy.engine.Engine [raw sql] ()
2026-08-06 20:35:49,341 INFO sqlalchemy.engine.Engine PRAGMA main.table_info("notes")
2026-08-06 20:35:49,341 INFO sqlalchemy.engine.Engine [raw sql] ()
2026-08-06 20:35:49,341 INFO sqlalchemy.engine.Engine PRAGMA main.table_info("note_versions")
2026-08-06 20:35:49,346 INFO sqlalchemy.engine.Engine [raw sql] ()
2026-08-06 20:35:49,346 INFO sqlalchemy.engine.Engine PRAGMA main.table_info("folders")
2026-08-06 20:35:49,346 INFO sqlalchemy.engine.Engine [raw sql] ()
2026-08-06 20:35:49,346 INFO sqlalchemy.engine.Engine PRAGMA main.table_info("tags")
2026-08-06 20:35:49,346 INFO sqlalchemy.engine.Engine [raw sql] ()
2026-08-06 20:35:49,347 INFO sqlalchemy.engine.Engine PRAGMA main.table_info("audit_logs")
2026-08-06 20:35:49,347 INFO sqlalchemy.engine.Engine [raw sql] ()
2026-08-06 20:35:49,347 INFO sqlalchemy.engine.Engine COMMIT
2026-08-06 20:35:49.347 | INFO     | main:lifespan:57 - ✅ Database initialized
2026-08-06 20:35:49,348 INFO sqlalchemy.engine.Engine BEGIN (implicit)
2026-08-06 20:35:49,356 INFO sqlalchemy.engine.Engine SELECT users.id, users.email, users.username, users.employee_id, users.full_name, users.hashed_password, users.role, users.department, users.position, users.phone, users.avatar_url, users.bio, users.is_active, users.is_verified, users.is_mfa_enabled, users.mfa_secret, users.failed_login_attempts, users.locked_until, users.last_login, users.last_login_ip, users.password_changed_at, users.face_embedding, users.preferences, users.theme, users.language, users.created_at, users.updated_at 
FROM users 
WHERE users.email = ?
2026-08-06 20:35:49,356 INFO sqlalchemy.engine.Engine [generated in 0.00013s] ('admin@enterprise.ai',)
2026-08-06 20:35:49.357 | INFO     | app.utils.seed:seed_database:117 - ℹ️  Database already seeded
2026-08-06 20:35:49,357 INFO sqlalchemy.engine.Engine ROLLBACK
2026-08-06 20:35:49.357 | INFO     | main:lifespan:61 - ✅ Database seeded
2026-08-06 20:35:49,358 INFO sqlalchemy.engine.Engine BEGIN (implicit)
2026-08-06 20:35:49,358 INFO sqlalchemy.engine.Engine SELECT blockchain_records.id, blockchain_records.block_index, blockchain_records.block_hash, blockchain_records.previous_hash, blockchain_records.record_type, blockchain_records.data, blockchain_records.data_hash, blockchain_records.issuer, blockchain_records.recipient, blockchain_records.description, blockchain_records.is_verified, blockchain_records.nonce, blockchain_records.timestamp 
FROM blockchain_records ORDER BY blockchain_records.block_index
2026-08-06 20:35:49,358 INFO sqlalchemy.engine.Engine [generated in 0.00003s] ()
2026-08-06 20:35:49.359 | INFO     | app.blockchain.blockchain_service:initialize:172 - Blockchain loaded: 1 blocks
2026-08-06 20:35:49,359 INFO sqlalchemy.engine.Engine ROLLBACK
2026-08-06 20:35:49.359 | INFO     | main:lifespan:68 - ✅ Blockchain service initialized
2026-08-06 20:35:49.359 | INFO     | main:lifespan:70 - ✅ Server ready at http://localhost:8000
2026-08-06 20:35:49.359 | INFO     | main:lifespan:71 - ✅ API Docs at http://localhost:8000/docs
INFO:     Application startup complete.
INFO:     Uvicorn running on http://0.0.0.0:8000 (Press CTRL+C to quit)
2026-08-06 20:35:49.522 | INFO     | app.middleware.logging:dispatch:13 - GET /health → 200 (0.74ms)
INFO:     127.0.0.1:60625 - "GET /health HTTP/1.1" 200 OK
2026-08-06 20:35:49.858 | INFO     | app.utils.dependency_manager:check_and_install_all:60 - Dependency available: chromadb
2026-08-06 20:35:50.096 | INFO     | app.utils.dependency_manager:check_and_install_all:60 - Dependency available: pptx
2026-08-06 20:35:51.111 | INFO     | app.utils.dependency_manager:check_and_install_all:60 - Dependency available: cv2
2026-08-06 20:35:51.114 | INFO     | app.utils.dependency_manager:check_and_install_all:60 - Dependency available: pytesseract
2026-08-06 20:35:54.360 | INFO     | app.utils.dependency_manager:check_and_install_all:60 - Dependency available: easyocr
2026-08-06 20:35:54.630 | INFO     | app.utils.dependency_manager:check_and_install_all:60 - Dependency available: rdkit
2026-08-06 20:35:54.631 | INFO     | app.utils.dependency_manager:check_and_install_all:60 - Dependency available: sympy
2026-08-06 20:35:57.003 | INFO     | app.utils.dependency_manager:check_and_install_all:60 - Dependency available: sentence_transformers
2026-08-06 20:35:57.158 | INFO     | app.utils.dependency_manager:check_and_install_all:60 - Dependency available: faiss
/Users/ashokkumar/Downloads/FInal_Year/backend/venv/lib/python3.11/site-packages/requests/__init__.py:113: RequestsDependencyWarning: urllib3 (2.7.0) or chardet (7.4.3)/charset_normalizer (3.4.9) doesn't match a supported version!
  warnings.warn(
2026-08-06 20:35:57.388 | INFO     | app.utils.dependency_manager:check_and_install_all:60 - Dependency available: vosk
2026-08-06 20:35:58.229 | INFO     | app.utils.dependency_manager:check_and_install_all:60 - Dependency available: whisper
2026-08-06 20:35:58.243 | INFO     | app.utils.dependency_manager:check_and_install_all:60 - Dependency available: speech_recognition
2026-08-06 20:35:58.640 | INFO     | app.utils.dependency_manager:check_and_install_all:60 - Dependency available: mediapipe
2026-08-06 20:35:58.640 | INFO     | app.utils.dependency_manager:check_and_install_all:73 - All local AI dependencies are already installed.
2026-08-06 20:35:59.754 | INFO     | app.middleware.logging:dispatch:13 - GET /api/v1/analytics/dashboard → 401 (4.1ms)
INFO:     127.0.0.1:60636 - "GET /api/v1/analytics/dashboard HTTP/1.1" 401 Unauthorized
2026-08-06 20:38:17,825 INFO sqlalchemy.engine.Engine BEGIN (implicit)
2026-08-06 20:38:17,827 INFO sqlalchemy.engine.Engine SELECT users.id, users.email, users.username, users.employee_id, users.full_name, users.hashed_password, users.role, users.department, users.position, users.phone, users.avatar_url, users.bio, users.is_active, users.is_verified, users.is_mfa_enabled, users.mfa_secret, users.failed_login_attempts, users.locked_until, users.last_login, users.last_login_ip, users.password_changed_at, users.face_embedding, users.preferences, users.theme, users.language, users.created_at, users.updated_at 
FROM users 
WHERE users.email = ?
2026-08-06 20:38:17,827 INFO sqlalchemy.engine.Engine [cached since 148.5s ago] ('admin@enterprise.ai',)
2026-08-06 20:38:18,046 INFO sqlalchemy.engine.Engine UPDATE users SET last_login=?, updated_at=? WHERE users.id = ?
2026-08-06 20:38:18,046 INFO sqlalchemy.engine.Engine [generated in 0.00019s] ('2026-08-06 15:08:18.045115', '2026-08-06 15:08:18.046076', 1)
2026-08-06 20:38:18,047 INFO sqlalchemy.engine.Engine INSERT INTO login_history (user_id, ip_address, user_agent, success, failure_reason, created_at) VALUES (?, ?, ?, ?, ?, ?)
2026-08-06 20:38:18,047 INFO sqlalchemy.engine.Engine [generated in 0.00007s] (1, '127.0.0.1', 'Mozilla/5.0 (Macintosh; Intel Mac OS X 10_15_7) AppleWebKit/605.1.15 (KHTML, like Gecko) Version/26.5 Safari/605.1.15', 1, None, '2026-08-06 15:08:18.047512')
2026-08-06 20:38:18,047 INFO sqlalchemy.engine.Engine COMMIT
2026-08-06 20:38:18.048 | INFO     | app.middleware.logging:dispatch:13 - POST /api/v1/auth/login → 200 (226.44ms)
INFO:     127.0.0.1:60642 - "POST /api/v1/auth/login HTTP/1.1" 200 OK
2026-08-06 20:38:18,115 INFO sqlalchemy.engine.Engine BEGIN (implicit)
2026-08-06 20:38:18,116 INFO sqlalchemy.engine.Engine SELECT users.id, users.email, users.username, users.employee_id, users.full_name, users.hashed_password, users.role, users.department, users.position, users.phone, users.avatar_url, users.bio, users.is_active, users.is_verified, users.is_mfa_enabled, users.mfa_secret, users.failed_login_attempts, users.locked_until, users.last_login, users.last_login_ip, users.password_changed_at, users.face_embedding, users.preferences, users.theme, users.language, users.created_at, users.updated_at 
FROM users 
WHERE users.id = ?
2026-08-06 20:38:18,116 INFO sqlalchemy.engine.Engine [generated in 0.00009s] (1,)
2026-08-06 20:38:18,117 INFO sqlalchemy.engine.Engine SELECT count(users.id) AS count_1 
FROM users
2026-08-06 20:38:18,117 INFO sqlalchemy.engine.Engine [generated in 0.00006s] ()
2026-08-06 20:38:18,117 INFO sqlalchemy.engine.Engine SELECT count(documents.id) AS count_1 
FROM documents
2026-08-06 20:38:18,118 INFO sqlalchemy.engine.Engine [generated in 0.00004s] ()
2026-08-06 20:38:18,118 INFO sqlalchemy.engine.Engine SELECT count(chat_messages.id) AS count_1 
FROM chat_messages
2026-08-06 20:38:18,118 INFO sqlalchemy.engine.Engine [generated in 0.00004s] ()
2026-08-06 20:38:18,118 INFO sqlalchemy.engine.Engine SELECT count(blockchain_records.id) AS count_1 
FROM blockchain_records
2026-08-06 20:38:18,118 INFO sqlalchemy.engine.Engine [generated in 0.00003s] ()
2026-08-06 20:38:18,119 INFO sqlalchemy.engine.Engine SELECT blockchain_records.id, blockchain_records.block_index, blockchain_records.block_hash, blockchain_records.previous_hash, blockchain_records.record_type, blockchain_records.data, blockchain_records.data_hash, blockchain_records.issuer, blockchain_records.recipient, blockchain_records.description, blockchain_records.is_verified, blockchain_records.nonce, blockchain_records.timestamp 
FROM blockchain_records ORDER BY blockchain_records.block_index DESC
 LIMIT ? OFFSET ?
2026-08-06 20:38:18,119 INFO sqlalchemy.engine.Engine [generated in 0.00005s] (10, 0)
2026-08-06 20:38:18,119 INFO sqlalchemy.engine.Engine SELECT count(chat_sessions.id) AS count_1 
FROM chat_sessions 
WHERE chat_sessions.created_at >= ?
2026-08-06 20:38:18,119 INFO sqlalchemy.engine.Engine [generated in 0.00005s] ('2026-08-06 00:00:00.119553',)
2026-08-06 20:38:18,120 INFO sqlalchemy.engine.Engine COMMIT
2026-08-06 20:38:18.120 | INFO     | app.middleware.logging:dispatch:13 - GET /api/v1/analytics/dashboard → 200 (6.05ms)
INFO:     127.0.0.1:60645 - "GET /api/v1/analytics/dashboard HTTP/1.1" 200 OK
2026-08-06 20:39:21,398 INFO sqlalchemy.engine.Engine BEGIN (implicit)
2026-08-06 20:39:21,398 INFO sqlalchemy.engine.Engine SELECT users.id, users.email, users.username, users.employee_id, users.full_name, users.hashed_password, users.role, users.department, users.position, users.phone, users.avatar_url, users.bio, users.is_active, users.is_verified, users.is_mfa_enabled, users.mfa_secret, users.failed_login_attempts, users.locked_until, users.last_login, users.last_login_ip, users.password_changed_at, users.face_embedding, users.preferences, users.theme, users.language, users.created_at, users.updated_at 
FROM users 
WHERE users.id = ?
2026-08-06 20:39:21,399 INFO sqlalchemy.engine.Engine [cached since 63.28s ago] (1,)
2026-08-06 20:39:21,399 INFO sqlalchemy.engine.Engine BEGIN (implicit)
2026-08-06 20:39:21,399 INFO sqlalchemy.engine.Engine SELECT users.id, users.email, users.username, users.employee_id, users.full_name, users.hashed_password, users.role, users.department, users.position, users.phone, users.avatar_url, users.bio, users.is_active, users.is_verified, users.is_mfa_enabled, users.mfa_secret, users.failed_login_attempts, users.locked_until, users.last_login, users.last_login_ip, users.password_changed_at, users.face_embedding, users.preferences, users.theme, users.language, users.created_at, users.updated_at 
FROM users 
WHERE users.id = ?
2026-08-06 20:39:21,399 INFO sqlalchemy.engine.Engine [cached since 63.28s ago] (1,)
2026-08-06 20:39:21,400 INFO sqlalchemy.engine.Engine SELECT blockchain_records.id, blockchain_records.block_index, blockchain_records.block_hash, blockchain_records.previous_hash, blockchain_records.record_type, blockchain_records.data, blockchain_records.data_hash, blockchain_records.issuer, blockchain_records.recipient, blockchain_records.description, blockchain_records.is_verified, blockchain_records.nonce, blockchain_records.timestamp 
FROM blockchain_records ORDER BY blockchain_records.block_index
2026-08-06 20:39:21,400 INFO sqlalchemy.engine.Engine [cached since 212s ago] ()
2026-08-06 20:39:21,400 INFO sqlalchemy.engine.Engine SELECT blockchain_records.id, blockchain_records.block_index, blockchain_records.block_hash, blockchain_records.previous_hash, blockchain_records.record_type, blockchain_records.data, blockchain_records.data_hash, blockchain_records.issuer, blockchain_records.recipient, blockchain_records.description, blockchain_records.is_verified, blockchain_records.nonce, blockchain_records.timestamp 
FROM blockchain_records ORDER BY blockchain_records.block_index
2026-08-06 20:39:21,400 INFO sqlalchemy.engine.Engine [cached since 212s ago] ()
2026-08-06 20:39:21,401 INFO sqlalchemy.engine.Engine COMMIT
2026-08-06 20:39:21,401 INFO sqlalchemy.engine.Engine COMMIT
2026-08-06 20:39:21.402 | INFO     | app.middleware.logging:dispatch:13 - GET /api/v1/blockchain/chain → 200 (6.86ms)
INFO:     127.0.0.1:60658 - "GET /api/v1/blockchain/chain HTTP/1.1" 200 OK
2026-08-06 20:39:21.403 | INFO     | app.middleware.logging:dispatch:13 - GET /api/v1/blockchain/analytics → 200 (5.93ms)
INFO:     127.0.0.1:60659 - "GET /api/v1/blockchain/analytics HTTP/1.1" 200 OK
2026-08-06 20:39:23,986 INFO sqlalchemy.engine.Engine BEGIN (implicit)
2026-08-06 20:39:23,986 INFO sqlalchemy.engine.Engine SELECT users.id, users.email, users.username, users.employee_id, users.full_name, users.hashed_password, users.role, users.department, users.position, users.phone, users.avatar_url, users.bio, users.is_active, users.is_verified, users.is_mfa_enabled, users.mfa_secret, users.failed_login_attempts, users.locked_until, users.last_login, users.last_login_ip, users.password_changed_at, users.face_embedding, users.preferences, users.theme, users.language, users.created_at, users.updated_at 
FROM users 
WHERE users.id = ?
2026-08-06 20:39:23,986 INFO sqlalchemy.engine.Engine [cached since 65.87s ago] (1,)
2026-08-06 20:39:23,987 INFO sqlalchemy.engine.Engine SELECT count(users.id) AS count_1 
FROM users
2026-08-06 20:39:23,987 INFO sqlalchemy.engine.Engine [cached since 65.87s ago] ()
2026-08-06 20:39:23,988 INFO sqlalchemy.engine.Engine SELECT count(documents.id) AS count_1 
FROM documents
2026-08-06 20:39:23,988 INFO sqlalchemy.engine.Engine [cached since 65.87s ago] ()
2026-08-06 20:39:23,988 INFO sqlalchemy.engine.Engine SELECT count(chat_messages.id) AS count_1 
FROM chat_messages
2026-08-06 20:39:23,988 INFO sqlalchemy.engine.Engine [cached since 65.87s ago] ()
2026-08-06 20:39:23,989 INFO sqlalchemy.engine.Engine SELECT count(blockchain_records.id) AS count_1 
FROM blockchain_records
2026-08-06 20:39:23,989 INFO sqlalchemy.engine.Engine [cached since 65.87s ago] ()
2026-08-06 20:39:23,989 INFO sqlalchemy.engine.Engine SELECT blockchain_records.id, blockchain_records.block_index, blockchain_records.block_hash, blockchain_records.previous_hash, blockchain_records.record_type, blockchain_records.data, blockchain_records.data_hash, blockchain_records.issuer, blockchain_records.recipient, blockchain_records.description, blockchain_records.is_verified, blockchain_records.nonce, blockchain_records.timestamp 
FROM blockchain_records ORDER BY blockchain_records.block_index DESC
 LIMIT ? OFFSET ?
2026-08-06 20:39:23,989 INFO sqlalchemy.engine.Engine [cached since 65.87s ago] (10, 0)
2026-08-06 20:39:23,990 INFO sqlalchemy.engine.Engine SELECT count(chat_sessions.id) AS count_1 
FROM chat_sessions 
WHERE chat_sessions.created_at >= ?
2026-08-06 20:39:23,990 INFO sqlalchemy.engine.Engine [cached since 65.87s ago] ('2026-08-06 00:00:00.990075',)
2026-08-06 20:39:23,991 INFO sqlalchemy.engine.Engine COMMIT
2026-08-06 20:39:23.992 | INFO     | app.middleware.logging:dispatch:13 - GET /api/v1/analytics/dashboard → 200 (7.4ms)
INFO:     127.0.0.1:60662 - "GET /api/v1/analytics/dashboard HTTP/1.1" 200 OK
INFO:     Shutting down
INFO:     Waiting for application shutdown.
2026-08-06 20:39:46.153 | INFO     | main:lifespan:75 - 🛑 Shutting down Enterprise AI Platform...
INFO:     Application shutdown complete.
INFO:     Finished server process [39244]
